{
  "sql" : "SELECT * FROM CURSORS",
  "content" : [ {
    "table_name" : "table1",
    "table_column" : "id",
    "last_id" : "42342134",
    "modified_at" : "p(any)"
  }, {
    "table_name" : "table2",
    "table_column" : "id",
    "last_id" : "10",
    "modified_at" : "p(any)"
  } ]
}
