{
  "sql" : "SELECT * FROM USER_ANNUAL_INSIGHTS",
  "content" : [ {
    "created" : "2019-03-03",
    "user_id" : "1",
    "rate_btc_for_one_usd" : "0.00000150",
    "refill_amount_usd" : "1.00",
    "withdraw_amount_usd" : "1.00",
    "inout_commission_usd" : "0.20",
    "transfer_in_amount_usd" : "1.00",
    "transfer_out_amount_usd" : "1.00",
    "transfer_commission_usd" : "0.20",
    "trade_sell_count" : "4",
    "trade_buy_count" : "4",
    "trade_amount_usd" : "20.00",
    "trade_commission_usd" : "1.00",
    "balance_dynamics_usd" : "-10.00",
    "source_ids" : "1, 2, 3, 4"
  }, {
    "created" : "2019-03-03",
    "user_id" : "2",
    "rate_btc_for_one_usd" : "0.00000150",
    "refill_amount_usd" : "1.00",
    "withdraw_amount_usd" : "1.00",
    "inout_commission_usd" : "0.20",
    "transfer_in_amount_usd" : "1.00",
    "transfer_out_amount_usd" : "1.00",
    "transfer_commission_usd" : "0.20",
    "trade_sell_count" : "4",
    "trade_buy_count" : "4",
    "trade_amount_usd" : "20.00",
    "trade_commission_usd" : "1.00",
    "balance_dynamics_usd" : "-10.00",
    "source_ids" : "1, 2, 3, 4"
  }, {
    "created" : "2019-03-04",
    "user_id" : "1",
    "rate_btc_for_one_usd" : "0.00000150",
    "refill_amount_usd" : "1.00",
    "withdraw_amount_usd" : "1.00",
    "inout_commission_usd" : "0.20",
    "transfer_in_amount_usd" : "1.00",
    "transfer_out_amount_usd" : "1.00",
    "transfer_commission_usd" : "0.20",
    "trade_sell_count" : "4",
    "trade_buy_count" : "4",
    "trade_amount_usd" : "20.00",
    "trade_commission_usd" : "1.00",
    "balance_dynamics_usd" : "-10.00",
    "source_ids" : "1, 2, 3, 4"
  }, {
    "created" : "2019-03-04",
    "user_id" : "2",
    "rate_btc_for_one_usd" : "0.00000150",
    "refill_amount_usd" : "1.00",
    "withdraw_amount_usd" : "1.00",
    "inout_commission_usd" : "0.20",
    "transfer_in_amount_usd" : "1.00",
    "transfer_out_amount_usd" : "1.00",
    "transfer_commission_usd" : "0.20",
    "trade_sell_count" : "4",
    "trade_buy_count" : "4",
    "trade_amount_usd" : "20.00",
    "trade_commission_usd" : "1.00",
    "balance_dynamics_usd" : "-10.00",
    "source_ids" : "1, 2, 3, 4"
  } ]
}
