{
  "sql" : "SELECT * FROM COMPANY_EXTERNAL_WALLET_BALANCES",
  "content" : [ {
    "id" : "1",
    "currency_id" : "1",
    "currency_name" : "TEST_COIN",
    "usd_rate" : "1.00000000",
    "btc_rate" : "1.00000000",
    "main_balance" : "10.00000000",
    "reserved_balance" : "0E-8",
    "accounting_imbalance" : "0E-8",
    "total_balance" : "10.00000000",
    "total_balance_usd" : "10.00000000",
    "total_balance_btc" : "10.00000000",
    "last_updated_at" : "p(any)",
    "sign_of_certainty" : "0",
    "sign_of_monitoring" : "0",
    "coin_range" : "0E-8",
    "check_coin_range" : "0",
    "usd_range" : "0E-8",
    "check_usd_range" : "0"
  } ]
}