{
  "sql" : "SELECT * FROM USER",
  "content" : [ {
    "id" : "1",
    "pub_id" : "HJGFJHFGSDASDGFSD",
    "nickname" : "admin",
    "email" : "admin@exrates.me",
    "password" : "$2a$10$ywda3/fTYHWR6E9e9KXUj.5tB3xFO1jdIBJs3BLpO6ORRSJZMg3v.",
    "regdate" : "p(any)",
    "phone" : "+380672223344",
    "finpassword" : null,
    "status" : "3",
    "ipaddress" : "127.0.0.1",
    "roleid" : "4",
    "preferred_lang" : "en",
    "avatar_path" : null,
    "tmp_poll_passed" : "1",
    "login_pin" : null,
    "use2fa" : "0",
    "2fa_last_notify_date" : null,
    "withdraw_pin" : null,
    "transfer_pin" : null,
    "temporary_banned" : "0",
    "change_2fa_setting_pin" : "$2a$10$oyFeDvhk55fpvUKxvtcsI.zrUC669qcnN1iB4QMjY2obPgxLSQOR.",
    "api_token_setting_pin" : null,
    "GA" : "GA1.2.1627413492.1555445430",
    "kyc_verification_step" : "0",
    "kyc_status" : "SUCCESS",
    "kyc_reference" : "none",
    "country" : "UK",
    "firstName" : "Charles",
    "lastName" : "James",
    "birthDay" : null
  }, {
    "id" : "2",
    "pub_id" : "SIAAWWASADDWDDWAW",
    "nickname" : "admin1",
    "email" : "admin1@exrates.me",
    "password" : "$2a$10$ywda3/fTYHWR6E9e9KXUj.5tB3xFO1jdIBJs3BLpO6ORRSJZMg3v.",
    "regdate" : "p(any)",
    "phone" : "+380672223344",
    "finpassword" : null,
    "status" : "2",
    "ipaddress" : "127.0.0.1",
    "roleid" : "1",
    "preferred_lang" : "en",
    "avatar_path" : null,
    "tmp_poll_passed" : "1",
    "login_pin" : null,
    "use2fa" : "0",
    "2fa_last_notify_date" : null,
    "withdraw_pin" : null,
    "transfer_pin" : null,
    "temporary_banned" : "0",
    "change_2fa_setting_pin" : "$2a$10$oyFeDvhk55fpvUKxvtcsI.zrUC669qcnN1iB4QMjY2obPgxLSQOR.",
    "api_token_setting_pin" : null,
    "GA" : "GA1.2.1627413492.1555445430",
    "kyc_verification_step" : "0",
    "kyc_status" : "SUCCESS",
    "kyc_reference" : "none",
    "country" : "UK",
    "firstName" : "Charles",
    "lastName" : "James",
    "birthDay" : null
  }, {
    "id" : "3",
    "pub_id" : "JHGGGJHGJHGHGJGJG",
    "nickname" : "user",
    "email" : "user@exrates.me",
    "password" : "$2a$10$ywda3/fTYHWR6E9e9KXUj.5tB3xFO1jdIBJs3BLpO6ORRSJZMg3v.",
    "regdate" : "p(any)",
    "phone" : "+380672223344",
    "finpassword" : null,
    "status" : "2",
    "ipaddress" : "127.0.0.1",
    "roleid" : "4",
    "preferred_lang" : "en",
    "avatar_path" : null,
    "tmp_poll_passed" : "1",
    "login_pin" : null,
    "use2fa" : "0",
    "2fa_last_notify_date" : null,
    "withdraw_pin" : null,
    "transfer_pin" : null,
    "temporary_banned" : "0",
    "change_2fa_setting_pin" : "$2a$10$oyFeDvhk55fpvUKxvtcsI.zrUC669qcnN1iB4QMjY2obPgxLSQOR.",
    "api_token_setting_pin" : null,
    "GA" : "GA1.2.1627413492.1555445430",
    "kyc_verification_step" : "0",
    "kyc_status" : "none",
    "kyc_reference" : "none",
    "country" : null,
    "firstName" : null,
    "lastName" : null,
    "birthDay" : null
  }, {
    "id" : "4",
    "pub_id" : "SIAAWWASADDTRYYWAW",
    "nickname" : "bot1",
    "email" : "bot1@exrates.me",
    "password" : "$2a$10$ywda3/fTYHWR6E9e9KXUj.5tB3xFO1jdIBJs3BLpO6ORRSJZMg3v.",
    "regdate" : "p(any)",
    "phone" : "+380672223344",
    "finpassword" : null,
    "status" : "2",
    "ipaddress" : "127.0.0.1",
    "roleid" : "10",
    "preferred_lang" : "en",
    "avatar_path" : null,
    "tmp_poll_passed" : "1",
    "login_pin" : null,
    "use2fa" : "0",
    "2fa_last_notify_date" : null,
    "withdraw_pin" : null,
    "transfer_pin" : null,
    "temporary_banned" : "0",
    "change_2fa_setting_pin" : "$2a$10$oyFeDvhk55fpvUKxvtcsI.zrUC669qcnN1iB4QMjY2obPgxLSQOR.",
    "api_token_setting_pin" : null,
    "GA" : "GA1.2.1627413492.1555445430",
    "kyc_verification_step" : "0",
    "kyc_status" : "SUCCESS",
    "kyc_reference" : "none",
    "country" : "UK",
    "firstName" : "Charles",
    "lastName" : "James",
    "birthDay" : null
  }, {
    "id" : "5",
    "pub_id" : "JHGGGJHGJHGTRYJGJG",
    "nickname" : "bot2",
    "email" : "bot2@exrates.me",
    "password" : "$2a$10$ywda3/fTYHWR6E9e9KXUj.5tB3xFO1jdIBJs3BLpO6ORRSJZMg3v.",
    "regdate" : "p(any)",
    "phone" : "+380672223344",
    "finpassword" : null,
    "status" : "2",
    "ipaddress" : "127.0.0.1",
    "roleid" : "12",
    "preferred_lang" : "en",
    "avatar_path" : null,
    "tmp_poll_passed" : "1",
    "login_pin" : null,
    "use2fa" : "0",
    "2fa_last_notify_date" : null,
    "withdraw_pin" : null,
    "transfer_pin" : null,
    "temporary_banned" : "0",
    "change_2fa_setting_pin" : "$2a$10$oyFeDvhk55fpvUKxvtcsI.zrUC669qcnN1iB4QMjY2obPgxLSQOR.",
    "api_token_setting_pin" : null,
    "GA" : "GA1.2.1627413492.1555445430",
    "kyc_verification_step" : "0",
    "kyc_status" : "none",
    "kyc_reference" : "none",
    "country" : null,
    "firstName" : null,
    "lastName" : null,
    "birthDay" : null
  } ]
}