{
  "sql" : "SELECT * FROM INTERNAL_WALLET_BALANCES",
  "content" : [ {
    "id" : "1",
    "currency_id" : "1",
    "currency_name" : "TEST_COIN",
    "role_id" : "1",
    "role_name" : "USER",
    "usd_rate" : "0E-12",
    "btc_rate" : "0E-12",
    "total_balance" : "0E-8",
    "total_balance_usd" : "0E-8",
    "total_balance_btc" : "0E-8",
    "last_updated_at" : "p(any)"
  } ]
}