{
  "sql" : "SELECT * FROM CURRENT_CURRENCY_RATES",
  "content" : [ {
    "id" : "1",
    "currency_id" : "1",
    "currency_name" : "TEST_COIN",
    "usd_rate" : "1.00000000",
    "btc_rate" : "10.00000000",
    "schedule_last_updated_at" : "p(any)"
  } ]
}
