{
  "sql" : "SELECT * FROM CLOSED_ORDERS",
  "content" : [ ]
}
