{
  "sql" : "SELECT * FROM USERS",
  "content" : [ ]
}
