[ {
  "sql" : "SELECT * FROM TRANSACTIONS",
  "content" : [ {
    "id" : "21",
    "user_id" : "1",
    "currency_name" : "USD",
    "amount" : "10.000000000",
    "commission_amount" : "1.000000000",
    "source_type" : "ORDER",
    "operation_type" : "OUTPUT",
    "datetime" : "p(any)",
    "rate_in_usd" : "10.00",
    "rate_in_btc" : "0.00015000",
    "rate_btc_for_one_usd" : "0.00001500",
    "source_id" : "1"
  }, {
    "id" : "22",
    "user_id" : "1",
    "currency_name" : "USD",
    "amount" : "10.000000000",
    "commission_amount" : "1.000000000",
    "source_type" : "ORDER",
    "operation_type" : "OUTPUT",
    "datetime" : "p(any)",
    "rate_in_usd" : "10.00",
    "rate_in_btc" : "0.00015000",
    "rate_btc_for_one_usd" : "0.00001500",
    "source_id" : "2"
  }, {
    "id" : "23",
    "user_id" : "1",
    "currency_name" : "USD",
    "amount" : "10.000000000",
    "commission_amount" : "1.000000000",
    "source_type" : "ORDER",
    "operation_type" : "INPUT",
    "datetime" : "p(any)",
    "rate_in_usd" : "10.00",
    "rate_in_btc" : "0.00015000",
    "rate_btc_for_one_usd" : "0.00001500",
    "source_id" : "3"
  }, {
    "id" : "24",
    "user_id" : "1",
    "currency_name" : "USD",
    "amount" : "10.000000000",
    "commission_amount" : "1.000000000",
    "source_type" : "ORDER",
    "operation_type" : "INPUT",
    "datetime" : "p(any)",
    "rate_in_usd" : "10.00",
    "rate_in_btc" : "0.00015000",
    "rate_btc_for_one_usd" : "0.00001500",
    "source_id" : "4"
  }, {
    "id" : "25",
    "user_id" : "1",
    "currency_name" : "USD",
    "amount" : "10.000000000",
    "commission_amount" : "1.000000000",
    "source_type" : "ORDER",
    "operation_type" : "OUTPUT",
    "datetime" : "p(any)",
    "rate_in_usd" : "10.00",
    "rate_in_btc" : "0.00015000",
    "rate_btc_for_one_usd" : "0.00001500",
    "source_id" : "5"
  }, {
    "id" : "26",
    "user_id" : "1",
    "currency_name" : "USD",
    "amount" : "10.000000000",
    "commission_amount" : "1.000000000",
    "source_type" : "ORDER",
    "operation_type" : "OUTPUT",
    "datetime" : "p(any)",
    "rate_in_usd" : "10.00",
    "rate_in_btc" : "0.00015000",
    "rate_btc_for_one_usd" : "0.00001500",
    "source_id" : "6"
  }, {
    "id" : "27",
    "user_id" : "1",
    "currency_name" : "BTC",
    "amount" : "1.000000000",
    "commission_amount" : "0.100000000",
    "source_type" : "ORDER",
    "operation_type" : "INPUT",
    "datetime" : "p(any)",
    "rate_in_usd" : "8500.00",
    "rate_in_btc" : "1.00000000",
    "rate_btc_for_one_usd" : "0.00001500",
    "source_id" : "7"
  }, {
    "id" : "28",
    "user_id" : "1",
    "currency_name" : "BTC",
    "amount" : "1.000000000",
    "commission_amount" : "0.100000000",
    "source_type" : "ORDER",
    "operation_type" : "OUTPUT",
    "datetime" : "p(any)",
    "rate_in_usd" : "8500.00",
    "rate_in_btc" : "1.00000000",
    "rate_btc_for_one_usd" : "0.00001500",
    "source_id" : "8"
  }, {
    "id" : "29",
    "user_id" : "1",
    "currency_name" : "BTC",
    "amount" : "1.000000000",
    "commission_amount" : "0.100000000",
    "source_type" : "ORDER",
    "operation_type" : "INPUT",
    "datetime" : "p(any)",
    "rate_in_usd" : "8500.00",
    "rate_in_btc" : "1.00000000",
    "rate_btc_for_one_usd" : "0.00001500",
    "source_id" : "9"
  }, {
    "id" : "30",
    "user_id" : "1",
    "currency_name" : "BTC",
    "amount" : "1.000000000",
    "commission_amount" : "0.100000000",
    "source_type" : "ORDER",
    "operation_type" : "INPUT",
    "datetime" : "p(any)",
    "rate_in_usd" : "8500.00",
    "rate_in_btc" : "1.00000000",
    "rate_btc_for_one_usd" : "0.00001500",
    "source_id" : "10"
  }, {
    "id" : "31",
    "user_id" : "1",
    "currency_name" : "ETH",
    "amount" : "50.000000000",
    "commission_amount" : "5.000000000",
    "source_type" : "ORDER",
    "operation_type" : "OUTPUT",
    "datetime" : "p(any)",
    "rate_in_usd" : "150.00",
    "rate_in_btc" : "0.00011000",
    "rate_btc_for_one_usd" : "0.00001500",
    "source_id" : "11"
  }, {
    "id" : "32",
    "user_id" : "1",
    "currency_name" : "ETH",
    "amount" : "50.000000000",
    "commission_amount" : "5.000000000",
    "source_type" : "ORDER",
    "operation_type" : "INPUT",
    "datetime" : "p(any)",
    "rate_in_usd" : "150.00",
    "rate_in_btc" : "0.00011000",
    "rate_btc_for_one_usd" : "0.00001500",
    "source_id" : "12"
  } ]
}, {
  "sql" : "SELECT * FROM USER_ANNUAL_INSIGHTS",
  "content" : [ {
    "created" : "p(any)",
    "user_id" : "1",
    "rate_btc_for_one_usd" : "0.00001500",
    "refill_amount_usd" : "0.00",
    "withdraw_amount_usd" : "0.00",
    "inout_commission_usd" : "0.00",
    "transfer_in_amount_usd" : "0.00",
    "transfer_out_amount_usd" : "0.00",
    "transfer_commission_usd" : "0.00",
    "trade_sell_count" : "6",
    "trade_buy_count" : "6",
    "trade_amount_usd" : "49600.00",
    "trade_commission_usd" : "4960.00",
    "balance_dynamics_usd" : "49600.00",
    "source_ids" : "21,22,23,24,25,26,27,28,29,30,31,32"
  } ]
} ]
