[ {
  "sql" : "SELECT * FROM TRANSACTIONS",
  "content" : [ {
    "id" : "1",
    "user_id" : "1",
    "currency_name" : "BTC",
    "amount" : "1.0",
    "commission_amount" : "0.1",
    "source_type" : "REFILL",
    "operation_type" : "INPUT",
    "datetime" : "p(any)",
    "rate_in_usd" : "10.0",
    "rate_in_btc" : "1.0"
  }, {
    "id" : "2",
    "user_id" : "1",
    "currency_name" : "ETH",
    "amount" : "10.0",
    "commission_amount" : "1.0",
    "source_type" : "REFILL",
    "operation_type" : "INPUT",
    "datetime" : "p(any)",
    "rate_in_usd" : "0.0",
    "rate_in_btc" : "0.0"
  }, {
    "id" : "3",
    "user_id" : "1",
    "currency_name" : "USD",
    "amount" : "1.0",
    "commission_amount" : "0.1",
    "source_type" : "REFILL",
    "operation_type" : "INPUT",
    "datetime" : "p(any)",
    "rate_in_usd" : "1.0",
    "rate_in_btc" : "10.0"
  }, {
    "id" : "4",
    "user_id" : "1",
    "currency_name" : "XLM",
    "amount" : "10.0",
    "commission_amount" : "1.0",
    "source_type" : "REFILL",
    "operation_type" : "INPUT",
    "datetime" : "p(any)",
    "rate_in_usd" : "0.0",
    "rate_in_btc" : "0.0"
  }, {
    "id" : "5",
    "user_id" : "1",
    "currency_name" : "BTC",
    "amount" : "1.0",
    "commission_amount" : "0.1",
    "source_type" : "WITHDRAW",
    "operation_type" : "OUTPUT",
    "datetime" : "p(any)",
    "rate_in_usd" : "10.0",
    "rate_in_btc" : "1.0"
  }, {
    "id" : "6",
    "user_id" : "1",
    "currency_name" : "ETH",
    "amount" : "10.0",
    "commission_amount" : "1.0",
    "source_type" : "WITHDRAW",
    "operation_type" : "OUTPUT",
    "datetime" : "p(any)",
    "rate_in_usd" : "0.0",
    "rate_in_btc" : "0.0"
  }, {
    "id" : "7",
    "user_id" : "1",
    "currency_name" : "USD",
    "amount" : "1.0",
    "commission_amount" : "0.1",
    "source_type" : "WITHDRAW",
    "operation_type" : "OUTPUT",
    "datetime" : "p(any)",
    "rate_in_usd" : "1.0",
    "rate_in_btc" : "10.0"
  }, {
    "id" : "8",
    "user_id" : "1",
    "currency_name" : "XLM",
    "amount" : "10.0",
    "commission_amount" : "1.0",
    "source_type" : "WITHDRAW",
    "operation_type" : "OUTPUT",
    "datetime" : "p(any)",
    "rate_in_usd" : "0.0",
    "rate_in_btc" : "0.0"
  }, {
    "id" : "9",
    "user_id" : "1",
    "currency_name" : "BTC",
    "amount" : "1.0",
    "commission_amount" : "0.1",
    "source_type" : "USER_TRANSFER",
    "operation_type" : "OUTPUT",
    "datetime" : "p(any)",
    "rate_in_usd" : "10.0",
    "rate_in_btc" : "1.0"
  }, {
    "id" : "10",
    "user_id" : "1",
    "currency_name" : "ETH",
    "amount" : "10.0",
    "commission_amount" : "1.0",
    "source_type" : "USER_TRANSFER",
    "operation_type" : "INPUT",
    "datetime" : "p(any)",
    "rate_in_usd" : "0.0",
    "rate_in_btc" : "0.0"
  }, {
    "id" : "11",
    "user_id" : "1",
    "currency_name" : "USD",
    "amount" : "1.0",
    "commission_amount" : "0.1",
    "source_type" : "USER_TRANSFER",
    "operation_type" : "OUTPUT",
    "datetime" : "p(any)",
    "rate_in_usd" : "1.0",
    "rate_in_btc" : "10.0"
  }, {
    "id" : "12",
    "user_id" : "1",
    "currency_name" : "XLM",
    "amount" : "10.0",
    "commission_amount" : "1.0",
    "source_type" : "USER_TRANSFER",
    "operation_type" : "INPUT",
    "datetime" : "p(any)",
    "rate_in_usd" : "0.0",
    "rate_in_btc" : "0.0"
  }, {
    "id" : "13",
    "user_id" : "1",
    "currency_name" : "BTC",
    "amount" : "1.0",
    "commission_amount" : "0.1",
    "source_type" : "ORDER",
    "operation_type" : "OUTPUT",
    "datetime" : "p(any)",
    "rate_in_usd" : "10.0",
    "rate_in_btc" : "1.0"
  }, {
    "id" : "14",
    "user_id" : "1",
    "currency_name" : "ETH",
    "amount" : "10.0",
    "commission_amount" : "1.0",
    "source_type" : "ORDER",
    "operation_type" : "INPUT",
    "datetime" : "p(any)",
    "rate_in_usd" : "0.0",
    "rate_in_btc" : "0.0"
  }, {
    "id" : "15",
    "user_id" : "1",
    "currency_name" : "USD",
    "amount" : "1.0",
    "commission_amount" : "0.1",
    "source_type" : "ORDER",
    "operation_type" : "OUTPUT",
    "datetime" : "p(any)",
    "rate_in_usd" : "1.0",
    "rate_in_btc" : "10.0"
  }, {
    "id" : "16",
    "user_id" : "1",
    "currency_name" : "XLM",
    "amount" : "10.0",
    "commission_amount" : "1.0",
    "source_type" : "ORDER",
    "operation_type" : "INPUT",
    "datetime" : "p(any)",
    "rate_in_usd" : "0.0",
    "rate_in_btc" : "0.0"
  } ]
}, {
  "sql" : "SELECT * FROM CURSORS",
  "content" : [ {
    "table_name" : "TRANSACTION",
    "table_column" : "id",
    "last_id" : "16",
    "modified_at" : "p(any)"
  } ]
}, {
  "sql" : "SELECT * FROM USER_ANNUAL_INSIGHTS",
  "content" : [ ]
} ]
