{
  "sql" : "SELECT * FROM TRANSACTION",
  "content" : [ {
    "id" : "1",
    "user_wallet_id" : "1",
    "company_wallet_id" : null,
    "amount" : "1.0",
    "commission_amount" : "0.1",
    "commission_id" : null,
    "operation_type_id" : "1",
    "currency_id" : "4",
    "merchant_id" : null,
    "datetime" : "p(any)",
    "provided" : "1",
    "confirmation" : "-1",
    "order_id" : null,
    "status_id" : "1",
    "status_modification_date" : "p(any)",
    "active_balance_before" : "1.0",
    "reserved_balance_before" : "1.0",
    "company_balance_before" : "1.0",
    "company_commission_balance_before" : "1.0",
    "source_type" : "REFILL",
    "source_id" : "1",
    "provided_modification_date" : "p(any)",
    "description" : null
  }, {
    "id" : "2",
    "user_wallet_id" : "2",
    "company_wallet_id" : null,
    "amount" : "10.0",
    "commission_amount" : "1.0",
    "commission_id" : null,
    "operation_type_id" : "1",
    "currency_id" : "14",
    "merchant_id" : null,
    "datetime" : "p(any)",
    "provided" : "0",
    "confirmation" : "-1",
    "order_id" : null,
    "status_id" : "1",
    "status_modification_date" : "p(any)",
    "active_balance_before" : null,
    "reserved_balance_before" : null,
    "company_balance_before" : null,
    "company_commission_balance_before" : null,
    "source_type" : "REFILL",
    "source_id" : "2",
    "provided_modification_date" : null,
    "description" : null
  }, {
    "id" : "3",
    "user_wallet_id" : "2",
    "company_wallet_id" : null,
    "amount" : "1.0",
    "commission_amount" : "0.1",
    "commission_id" : null,
    "operation_type_id" : "1",
    "currency_id" : "2",
    "merchant_id" : null,
    "datetime" : "p(any)",
    "provided" : "0",
    "confirmation" : "-1",
    "order_id" : null,
    "status_id" : "1",
    "status_modification_date" : "p(any)",
    "active_balance_before" : null,
    "reserved_balance_before" : null,
    "company_balance_before" : null,
    "company_commission_balance_before" : null,
    "source_type" : "REFILL",
    "source_id" : "3",
    "provided_modification_date" : null,
    "description" : null
  }, {
    "id" : "4",
    "user_wallet_id" : "5",
    "company_wallet_id" : null,
    "amount" : "10.0",
    "commission_amount" : "1.0",
    "commission_id" : null,
    "operation_type_id" : "1",
    "currency_id" : "23",
    "merchant_id" : null,
    "datetime" : "p(any)",
    "provided" : "0",
    "confirmation" : "-1",
    "order_id" : null,
    "status_id" : "1",
    "status_modification_date" : "p(any)",
    "active_balance_before" : null,
    "reserved_balance_before" : null,
    "company_balance_before" : null,
    "company_commission_balance_before" : null,
    "source_type" : "REFILL",
    "source_id" : "4",
    "provided_modification_date" : null,
    "description" : null
  }, {
    "id" : "5",
    "user_wallet_id" : "1",
    "company_wallet_id" : null,
    "amount" : "1.0",
    "commission_amount" : "0.1",
    "commission_id" : null,
    "operation_type_id" : "2",
    "currency_id" : "4",
    "merchant_id" : null,
    "datetime" : "p(any)",
    "provided" : "0",
    "confirmation" : "-1",
    "order_id" : null,
    "status_id" : "1",
    "status_modification_date" : "p(any)",
    "active_balance_before" : null,
    "reserved_balance_before" : null,
    "company_balance_before" : null,
    "company_commission_balance_before" : null,
    "source_type" : "WITHDRAW",
    "source_id" : "5",
    "provided_modification_date" : null,
    "description" : null
  }, {
    "id" : "6",
    "user_wallet_id" : "2",
    "company_wallet_id" : null,
    "amount" : "10.0",
    "commission_amount" : "1.0",
    "commission_id" : null,
    "operation_type_id" : "2",
    "currency_id" : "14",
    "merchant_id" : null,
    "datetime" : "p(any)",
    "provided" : "0",
    "confirmation" : "-1",
    "order_id" : null,
    "status_id" : "1",
    "status_modification_date" : "p(any)",
    "active_balance_before" : null,
    "reserved_balance_before" : null,
    "company_balance_before" : null,
    "company_commission_balance_before" : null,
    "source_type" : "WITHDRAW",
    "source_id" : "6",
    "provided_modification_date" : null,
    "description" : null
  }, {
    "id" : "7",
    "user_wallet_id" : "2",
    "company_wallet_id" : null,
    "amount" : "1.0",
    "commission_amount" : "0.1",
    "commission_id" : null,
    "operation_type_id" : "2",
    "currency_id" : "2",
    "merchant_id" : null,
    "datetime" : "p(any)",
    "provided" : "0",
    "confirmation" : "-1",
    "order_id" : null,
    "status_id" : "1",
    "status_modification_date" : "p(any)",
    "active_balance_before" : null,
    "reserved_balance_before" : null,
    "company_balance_before" : null,
    "company_commission_balance_before" : null,
    "source_type" : "WITHDRAW",
    "source_id" : "7",
    "provided_modification_date" : null,
    "description" : null
  }, {
    "id" : "8",
    "user_wallet_id" : "5",
    "company_wallet_id" : null,
    "amount" : "10.0",
    "commission_amount" : "1.0",
    "commission_id" : null,
    "operation_type_id" : "2",
    "currency_id" : "23",
    "merchant_id" : null,
    "datetime" : "p(any)",
    "provided" : "0",
    "confirmation" : "-1",
    "order_id" : null,
    "status_id" : "1",
    "status_modification_date" : "p(any)",
    "active_balance_before" : null,
    "reserved_balance_before" : null,
    "company_balance_before" : null,
    "company_commission_balance_before" : null,
    "source_type" : "WITHDRAW",
    "source_id" : "8",
    "provided_modification_date" : null,
    "description" : null
  }, {
    "id" : "9",
    "user_wallet_id" : "1",
    "company_wallet_id" : null,
    "amount" : "1.0",
    "commission_amount" : "0.1",
    "commission_id" : null,
    "operation_type_id" : "2",
    "currency_id" : "4",
    "merchant_id" : null,
    "datetime" : "p(any)",
    "provided" : "0",
    "confirmation" : "-1",
    "order_id" : null,
    "status_id" : "1",
    "status_modification_date" : "p(any)",
    "active_balance_before" : null,
    "reserved_balance_before" : null,
    "company_balance_before" : null,
    "company_commission_balance_before" : null,
    "source_type" : "USER_TRANSFER",
    "source_id" : "9",
    "provided_modification_date" : null,
    "description" : null
  }, {
    "id" : "10",
    "user_wallet_id" : "2",
    "company_wallet_id" : null,
    "amount" : "10.0",
    "commission_amount" : "1.0",
    "commission_id" : null,
    "operation_type_id" : "1",
    "currency_id" : "14",
    "merchant_id" : null,
    "datetime" : "p(any)",
    "provided" : "0",
    "confirmation" : "-1",
    "order_id" : null,
    "status_id" : "1",
    "status_modification_date" : "p(any)",
    "active_balance_before" : null,
    "reserved_balance_before" : null,
    "company_balance_before" : null,
    "company_commission_balance_before" : null,
    "source_type" : "USER_TRANSFER",
    "source_id" : "10",
    "provided_modification_date" : null,
    "description" : null
  }, {
    "id" : "11",
    "user_wallet_id" : "2",
    "company_wallet_id" : null,
    "amount" : "1.0",
    "commission_amount" : "0.1",
    "commission_id" : null,
    "operation_type_id" : "2",
    "currency_id" : "2",
    "merchant_id" : null,
    "datetime" : "p(any)",
    "provided" : "0",
    "confirmation" : "-1",
    "order_id" : null,
    "status_id" : "1",
    "status_modification_date" : "p(any)",
    "active_balance_before" : null,
    "reserved_balance_before" : null,
    "company_balance_before" : null,
    "company_commission_balance_before" : null,
    "source_type" : "USER_TRANSFER",
    "source_id" : "11",
    "provided_modification_date" : null,
    "description" : null
  }, {
    "id" : "12",
    "user_wallet_id" : "5",
    "company_wallet_id" : null,
    "amount" : "10.0",
    "commission_amount" : "1.0",
    "commission_id" : null,
    "operation_type_id" : "1",
    "currency_id" : "23",
    "merchant_id" : null,
    "datetime" : "p(any)",
    "provided" : "0",
    "confirmation" : "-1",
    "order_id" : null,
    "status_id" : "1",
    "status_modification_date" : "p(any)",
    "active_balance_before" : null,
    "reserved_balance_before" : null,
    "company_balance_before" : null,
    "company_commission_balance_before" : null,
    "source_type" : "USER_TRANSFER",
    "source_id" : "12",
    "provided_modification_date" : null,
    "description" : null
  }, {
    "id" : "13",
    "user_wallet_id" : "1",
    "company_wallet_id" : null,
    "amount" : "1.0",
    "commission_amount" : "0.1",
    "commission_id" : null,
    "operation_type_id" : "2",
    "currency_id" : "4",
    "merchant_id" : null,
    "datetime" : "p(any)",
    "provided" : "0",
    "confirmation" : "-1",
    "order_id" : null,
    "status_id" : "1",
    "status_modification_date" : "p(any)",
    "active_balance_before" : null,
    "reserved_balance_before" : null,
    "company_balance_before" : null,
    "company_commission_balance_before" : null,
    "source_type" : "ORDER",
    "source_id" : "13",
    "provided_modification_date" : null,
    "description" : null
  }, {
    "id" : "14",
    "user_wallet_id" : "2",
    "company_wallet_id" : null,
    "amount" : "10.0",
    "commission_amount" : "1.0",
    "commission_id" : null,
    "operation_type_id" : "1",
    "currency_id" : "14",
    "merchant_id" : null,
    "datetime" : "p(any)",
    "provided" : "0",
    "confirmation" : "-1",
    "order_id" : null,
    "status_id" : "1",
    "status_modification_date" : "p(any)",
    "active_balance_before" : null,
    "reserved_balance_before" : null,
    "company_balance_before" : null,
    "company_commission_balance_before" : null,
    "source_type" : "ORDER",
    "source_id" : "14",
    "provided_modification_date" : null,
    "description" : null
  }, {
    "id" : "15",
    "user_wallet_id" : "2",
    "company_wallet_id" : null,
    "amount" : "1.0",
    "commission_amount" : "0.1",
    "commission_id" : null,
    "operation_type_id" : "2",
    "currency_id" : "2",
    "merchant_id" : null,
    "datetime" : "p(any)",
    "provided" : "0",
    "confirmation" : "-1",
    "order_id" : null,
    "status_id" : "1",
    "status_modification_date" : "p(any)",
    "active_balance_before" : null,
    "reserved_balance_before" : null,
    "company_balance_before" : null,
    "company_commission_balance_before" : null,
    "source_type" : "ORDER",
    "source_id" : "15",
    "provided_modification_date" : null,
    "description" : null
  }, {
    "id" : "16",
    "user_wallet_id" : "5",
    "company_wallet_id" : null,
    "amount" : "10.0",
    "commission_amount" : "1.0",
    "commission_id" : null,
    "operation_type_id" : "1",
    "currency_id" : "23",
    "merchant_id" : null,
    "datetime" : "p(any)",
    "provided" : "0",
    "confirmation" : "-1",
    "order_id" : null,
    "status_id" : "1",
    "status_modification_date" : "p(any)",
    "active_balance_before" : null,
    "reserved_balance_before" : null,
    "company_balance_before" : null,
    "company_commission_balance_before" : null,
    "source_type" : "ORDER",
    "source_id" : "16",
    "provided_modification_date" : null,
    "description" : null
  } ]
}